// Jest Snapshot v1, https://goo.gl/fbAQLP

exports[`renders the Weather component correctly 1`] = `
<div>
  <div>
    Weather Data not available
  </div>
</div>
`;
